// Jest Snapshot v1, https://goo.gl/fbAQLP

exports[`Tests SignUpForm component should render without errors 1`] = `
<Fragment>
  <div
    className="col-6 allbody three"
  >
    <h1>
      Create a new account
    </h1>
    <p>
      Its free and always will be.
    </p>
    <form
      className="form menu"
      id="signup-form"
      onSubmit={[MockFunction]}
    >
      <div
        className="container"
      >
        <label
          htmlFor="firstName"
        >
          <b>
            First Name
          </b>
        </label>
        <input
          id="firstName"
          name="firstName"
          onChange={[MockFunction]}
          placeholder="Enter First Name"
          required={true}
          type="text"
          value="firsname"
        />
        <label
          htmlFor="lastName"
        >
          <b>
            Last Name
          </b>
        </label>
        <input
          id="lastName"
          name="lastName"
          onChange={[MockFunction]}
          placeholder="Enter Last Name"
          required={true}
          type="text"
          value="lastName"
        />
        <label
          htmlFor="department"
        >
          <b>
            Department
          </b>
        </label>
        <input
          id="department"
          name="department"
          onChange={[MockFunction]}
          placeholder="Department"
          required={true}
          type="text"
          value="department"
        />
        <label
          htmlFor="email"
        >
          <b>
            Email
          </b>
        </label>
        <input
          id="email"
          name="email"
          onChange={[MockFunction]}
          placeholder="Enter email"
          required={true}
          type="email"
          value="email"
        />
        <label
          htmlFor="password"
        >
          <b>
            Password
          </b>
        </label>
        <input
          id="password"
          maxLength="20"
          minLength="5"
          name="password"
          onChange={[MockFunction]}
          placeholder="Enter Password"
          required={true}
          type="password"
          value="password"
        />
        <label
          htmlFor="passwordCheck"
        >
          <b>
            Confirm Password
          </b>
        </label>
        <input
          id="passwordCheck"
          maxLength="20"
          minLength="5"
          name="passwordCheck"
          onChange={[MockFunction]}
          placeholder="Confirm Password"
          required={true}
          type="password"
          value="passWordCheck"
        />
        <button
          id="signUp-btn"
          type="submit"
          value="submit"
        >
          Register
        </button>
      </div>
    </form>
  </div>
</Fragment>
`;
