// Jest Snapshot v1, https://goo.gl/fbAQLP

exports[`Tests SignInForm component should render without errors 1`] = `
<Fragment>
  <div
    className="col-6 flex-container"
  >
    <div
      className="nav"
    >
      <nav>
        <ul
          className="rform"
        >
          <form
            className="one"
            id="signin-form"
            onSubmit={[Function]}
          >
            <li
              className="hide2"
            >
              Sign In
            </li>
            <li>
              <div
                className="email"
              >
                <label
                  htmlFor="email"
                >
                  <strong>
                    Email
                  </strong>
                </label>
                <input
                  name="email"
                  onChange={[Function]}
                  placeholder="Enter Email"
                  required={true}
                  type="email"
                  value=""
                />
              </div>
            </li>
            <li>
              <div
                className="psw"
              >
                <label
                  htmlFor="password"
                >
                  <strong>
                    Password
                  </strong>
                </label>
                <input
                  name="password"
                  onChange={[Function]}
                  placeholder="Enter Password"
                  required={true}
                  type="password"
                  value=""
                />
              </div>
            </li>
            <button
              id="login-btn"
              type="submit"
              value="submit"
            >
              Login
            </button>
          </form>
        </ul>
      </nav>
    </div>
  </div>
</Fragment>
`;
